<?xml version="1.0" encoding="UTF-8"?>
<TestRun id="ee58e1a2-b95e-456a-9151-17edb468aa09" name="agus@AGUS-PC 2013-03-15 15:35:55" runUser="agus-PC\agus" xmlns="http://microsoft.com/schemas/VisualStudio/TeamTest/2010">
  <TestSettings name="Local" id="ad78ee6c-c1e1-4e25-9031-e966090afab9">
    <Description>These are default test settings for a local test run.</Description>
    <Deployment enabled="false" runDeploymentRoot="agus_AGUS-PC 2013-03-15 15_35_55">
      <DeploymentItem filename="D:\Curso De Sistemas 2013\Curso\Curso\Domain\bin\Debug\Domain.dll" />
    </Deployment>
    <Execution>
      <TestTypeSpecific />
      <AgentRule name="Execution Agents">
      </AgentRule>
    </Execution>
  </TestSettings>
  <Times creation="2013-03-15T15:35:55.3368586-03:00" queuing="2013-03-15T15:35:55.4308640-03:00" start="2013-03-15T15:35:55.4408646-03:00" finish="2013-03-15T15:35:55.7528824-03:00" />
  <ResultSummary outcome="Failed">
    <Counters total="1" executed="1" error="0" failed="1" timeout="0" aborted="0" inconclusive="0" passedButRunAborted="0" notRunnable="0" notExecuted="0" disconnected="0" warning="0" passed="0" completed="0" inProgress="0" pending="0" />
  </ResultSummary>
  <TestDefinitions>
    <UnitTest name="TestUpdate" storage="d:\curso de sistemas 2013\curso\curso\unittests\bin\debug\unittests.dll" id="ce86862d-3a85-98c3-e3ab-28fda858cfdc">
      <Execution id="6a8c9bdb-a746-4c05-b2c6-663c66f6b515" />
      <TestMethod codeBase="D:/Curso De Sistemas 2013/Curso/Curso/UnitTests/bin/Debug/UnitTests.DLL" adapterTypeName="Microsoft.VisualStudio.TestTools.TestTypes.Unit.UnitTestAdapter, Microsoft.VisualStudio.QualityTools.Tips.UnitTest.Adapter, Version=10.0.0.0, Culture=neutral, PublicKeyToken=b03f5f7f11d50a3a" className="UnitTests.RealtyTest, UnitTests, Version=1.0.0.0, Culture=neutral, PublicKeyToken=null" name="TestUpdate" />
    </UnitTest>
  </TestDefinitions>
  <TestLists>
    <TestList name="Results Not in a List" id="8c84fa94-04c1-424b-9868-57a2d4851a1d" />
    <TestList name="All Loaded Results" id="19431567-8539-422a-85d7-44ee4e166bda" />
  </TestLists>
  <TestEntries>
    <TestEntry testId="ce86862d-3a85-98c3-e3ab-28fda858cfdc" executionId="6a8c9bdb-a746-4c05-b2c6-663c66f6b515" testListId="8c84fa94-04c1-424b-9868-57a2d4851a1d" />
  </TestEntries>
  <Results>
    <UnitTestResult executionId="6a8c9bdb-a746-4c05-b2c6-663c66f6b515" testId="ce86862d-3a85-98c3-e3ab-28fda858cfdc" testName="TestUpdate" computerName="AGUS-PC" duration="00:00:00.0483369" startTime="2013-03-15T15:35:55.4528653-03:00" endTime="2013-03-15T15:35:55.7388816-03:00" testType="13cdc9d9-ddb5-4fa4-a97d-d965ccfc6d4b" outcome="Failed" testListId="8c84fa94-04c1-424b-9868-57a2d4851a1d" relativeResultsDirectory="6a8c9bdb-a746-4c05-b2c6-663c66f6b515">
      <Output>
        <ErrorInfo>
          <Message>Assert.AreEqual failed. Expected:&lt;Domain.Manager&gt;. Actual:&lt;Domain.Manager&gt;. </Message>
          <StackTrace>   at UnitTests.RealtyTest.TestUpdate() in D:\Curso De Sistemas 2013\Curso\Curso\UnitTests\RealtyTest.cs:line 76
</StackTrace>
        </ErrorInfo>
      </Output>
    </UnitTestResult>
  </Results>
</TestRun>