<?xml version="1.0" encoding="UTF-8"?>
<TestRun id="37648310-e532-4835-b422-5248722fb04a" name="agus@AGUS-PC 2013-03-15 15:33:36" runUser="agus-PC\agus" xmlns="http://microsoft.com/schemas/VisualStudio/TeamTest/2010">
  <TestSettings name="Local" id="ad78ee6c-c1e1-4e25-9031-e966090afab9">
    <Description>These are default test settings for a local test run.</Description>
    <Deployment enabled="false" runDeploymentRoot="agus_AGUS-PC 2013-03-15 15_33_36">
      <DeploymentItem filename="D:\Curso De Sistemas 2013\Curso\Curso\Domain\bin\Debug\Domain.dll" />
    </Deployment>
    <Execution>
      <TestTypeSpecific />
      <AgentRule name="Execution Agents">
      </AgentRule>
    </Execution>
  </TestSettings>
  <Times creation="2013-03-15T15:33:36.2269020-03:00" queuing="2013-03-15T15:33:40.0191189-03:00" start="2013-03-15T15:33:40.1631271-03:00" finish="2013-03-15T15:33:40.9701733-03:00" />
  <ResultSummary outcome="Failed">
    <Counters total="3" executed="3" passed="2" error="0" failed="1" timeout="0" aborted="0" inconclusive="0" passedButRunAborted="0" notRunnable="0" notExecuted="0" disconnected="0" warning="0" completed="0" inProgress="0" pending="0" />
  </ResultSummary>
  <TestDefinitions>
    <UnitTest name="TestUpdate" storage="d:\curso de sistemas 2013\curso\curso\unittests\bin\debug\unittests.dll" id="ce86862d-3a85-98c3-e3ab-28fda858cfdc">
      <Execution id="2e38ea65-4a15-478d-8ec1-495b576d6efb" />
      <TestMethod codeBase="D:/Curso De Sistemas 2013/Curso/Curso/UnitTests/bin/Debug/UnitTests.DLL" adapterTypeName="Microsoft.VisualStudio.TestTools.TestTypes.Unit.UnitTestAdapter, Microsoft.VisualStudio.QualityTools.Tips.UnitTest.Adapter, Version=10.0.0.0, Culture=neutral, PublicKeyToken=b03f5f7f11d50a3a" className="UnitTests.RealtyTest, UnitTests, Version=1.0.0.0, Culture=neutral, PublicKeyToken=null" name="TestUpdate" />
    </UnitTest>
    <UnitTest name="TestCreate" storage="d:\curso de sistemas 2013\curso\curso\unittests\bin\debug\unittests.dll" id="8fe0415d-0672-5141-b44e-ab6774f82232">
      <Execution id="3ea7fd3d-8bc9-42da-972f-642a75271a8f" />
      <TestMethod codeBase="D:/Curso De Sistemas 2013/Curso/Curso/UnitTests/bin/Debug/UnitTests.DLL" adapterTypeName="Microsoft.VisualStudio.TestTools.TestTypes.Unit.UnitTestAdapter, Microsoft.VisualStudio.QualityTools.Tips.UnitTest.Adapter, Version=10.0.0.0, Culture=neutral, PublicKeyToken=b03f5f7f11d50a3a" className="UnitTests.RealtyTest, UnitTests, Version=1.0.0.0, Culture=neutral, PublicKeyToken=null" name="TestCreate" />
    </UnitTest>
    <UnitTest name="TestDelete" storage="d:\curso de sistemas 2013\curso\curso\unittests\bin\debug\unittests.dll" id="4ed866ac-2fd1-3a97-e95f-aea3d3962215">
      <Execution id="495e5456-7c85-46a2-a6fe-a7384143e2a7" />
      <TestMethod codeBase="D:/Curso De Sistemas 2013/Curso/Curso/UnitTests/bin/Debug/UnitTests.DLL" adapterTypeName="Microsoft.VisualStudio.TestTools.TestTypes.Unit.UnitTestAdapter, Microsoft.VisualStudio.QualityTools.Tips.UnitTest.Adapter, Version=10.0.0.0, Culture=neutral, PublicKeyToken=b03f5f7f11d50a3a" className="UnitTests.RealtyTest, UnitTests, Version=1.0.0.0, Culture=neutral, PublicKeyToken=null" name="TestDelete" />
    </UnitTest>
  </TestDefinitions>
  <TestLists>
    <TestList name="Results Not in a List" id="8c84fa94-04c1-424b-9868-57a2d4851a1d" />
    <TestList name="All Loaded Results" id="19431567-8539-422a-85d7-44ee4e166bda" />
  </TestLists>
  <TestEntries>
    <TestEntry testId="4ed866ac-2fd1-3a97-e95f-aea3d3962215" executionId="495e5456-7c85-46a2-a6fe-a7384143e2a7" testListId="8c84fa94-04c1-424b-9868-57a2d4851a1d" />
    <TestEntry testId="8fe0415d-0672-5141-b44e-ab6774f82232" executionId="3ea7fd3d-8bc9-42da-972f-642a75271a8f" testListId="8c84fa94-04c1-424b-9868-57a2d4851a1d" />
    <TestEntry testId="ce86862d-3a85-98c3-e3ab-28fda858cfdc" executionId="2e38ea65-4a15-478d-8ec1-495b576d6efb" testListId="8c84fa94-04c1-424b-9868-57a2d4851a1d" />
  </TestEntries>
  <Results>
    <UnitTestResult executionId="495e5456-7c85-46a2-a6fe-a7384143e2a7" testId="4ed866ac-2fd1-3a97-e95f-aea3d3962215" testName="TestDelete" computerName="AGUS-PC" duration="00:00:00.0159298" startTime="2013-03-15T15:33:40.2311310-03:00" endTime="2013-03-15T15:33:40.7221591-03:00" testType="13cdc9d9-ddb5-4fa4-a97d-d965ccfc6d4b" outcome="Passed" testListId="8c84fa94-04c1-424b-9868-57a2d4851a1d" relativeResultsDirectory="495e5456-7c85-46a2-a6fe-a7384143e2a7">
    </UnitTestResult>
    <UnitTestResult executionId="3ea7fd3d-8bc9-42da-972f-642a75271a8f" testId="8fe0415d-0672-5141-b44e-ab6774f82232" testName="TestCreate" computerName="AGUS-PC" duration="00:00:00.0005766" startTime="2013-03-15T15:33:40.7281595-03:00" endTime="2013-03-15T15:33:40.7341598-03:00" testType="13cdc9d9-ddb5-4fa4-a97d-d965ccfc6d4b" outcome="Passed" testListId="8c84fa94-04c1-424b-9868-57a2d4851a1d" relativeResultsDirectory="3ea7fd3d-8bc9-42da-972f-642a75271a8f">
    </UnitTestResult>
    <UnitTestResult executionId="2e38ea65-4a15-478d-8ec1-495b576d6efb" testId="ce86862d-3a85-98c3-e3ab-28fda858cfdc" testName="TestUpdate" computerName="AGUS-PC" duration="00:00:00.2075060" startTime="2013-03-15T15:33:40.7351599-03:00" endTime="2013-03-15T15:33:40.9471720-03:00" testType="13cdc9d9-ddb5-4fa4-a97d-d965ccfc6d4b" outcome="Failed" testListId="8c84fa94-04c1-424b-9868-57a2d4851a1d" relativeResultsDirectory="2e38ea65-4a15-478d-8ec1-495b576d6efb">
      <Output>
        <ErrorInfo>
          <Message>Assert.AreEqual failed. Expected:&lt;addres2&gt;. Actual:&lt;address2&gt;. </Message>
          <StackTrace>   at UnitTests.RealtyTest.TestUpdate() in D:\Curso De Sistemas 2013\Curso\Curso\UnitTests\RealtyTest.cs:line 74
</StackTrace>
        </ErrorInfo>
      </Output>
    </UnitTestResult>
  </Results>
</TestRun>